// Vitest Snapshot v1, https://vitest.dev/guide/snapshot.html

exports[`animatableTargets > pins the default config's animatable target set 1`] = `
[
  "canvas.margin",
  "flow.angle",
  "flow.noiseScale",
  "flow.intensity",
  "flow.distortion",
  "flow.detail",
  "flow.swirl",
  "flow.speed",
  "layers.0.shape.phase",
  "layers.0.shape.scrub",
  "layers.0.shape.peaks",
  "layers.0.shape.count",
  "layers.0.shape.minDepth",
  "layers.0.shape.curveExp",
  "layers.0.shape.jitter",
  "layers.0.shape.sweep",
  "layers.0.shape.gap",
  "layers.0.shape.rounding",
  "layers.0.shape.valley",
  "relief.light.azimuth",
  "relief.light.elevation",
  "relief.relief",
  "layers.0.opacity",
  "layers.0.color.steps",
  "layers.0.color.hueDrift",
  "layers.0.color.hueRotate",
  "focus.blur",
  "focus.radius",
  "focus.softness",
  "focus.x",
  "focus.y",
  "post.bloomStrength",
  "post.bloomRadius",
  "post.bloomThreshold",
  "post.exposure",
  "post.contrast",
  "post.saturation",
  "post.hue",
  "post.duotoneMix",
  "post.chromaAmount",
  "post.blurAmount",
  "post.distortAmount",
  "post.filmIntensity",
  "post.halftoneRadius",
  "post.dotScreenScale",
  "post.dotScreenAngle",
  "post.grainAmount",
  "post.grainSize",
  "post.vignetteAmount",
  "post.vignetteRadius",
  "post.vignetteSoftness",
]
`;
